// Jest Snapshot v1, https://goo.gl/fbAQLP

exports[`renders a View component snapshot 1`] = `
<div>
  <div>
    <Switch>
      <Route
        path="/list"
        render={[Function]}
      />
      <Route
        path="/gallery"
        render={[Function]}
      />
      <Route
        path="/thumbnail"
        render={[Function]}
      />
    </Switch>
  </div>
</div>
`;

exports[`renders a gallery view snapshot 1`] = `
<div>
  <div>
    <img
      alt=""
      src="http://f.cl.ly/items/3g3J1G0w122M360w380O/3726490195_f7cc75d377_o.jpg"
      width="40%"
    />
    <p>
      Halloween Bunny
    </p>
  </div>
  <input
    onClick={[Function]}
    type="button"
    value="Previous"
  />
  <input
    onClick={[Function]}
    type="button"
    value="Next"
  />
</div>
`;

exports[`renders a list view snapshhot 1`] = `
<div>
  <table>
    <tbody
      className="images"
    >
      <tr
        key="0"
      >
        <td>
           
          <a
            href="http://f.cl.ly/items/3g3J1G0w122M360w380O/3726490195_f7cc75d377_o.jpg"
          >
            Halloween Bunny
            :
          </a>
           
          Trick or treat?
        </td>
        <td>
          <button
            className="remove"
            data-value="1"
            onClick={[Function]}
          >
            remove
          </button>
        </td>
      </tr>
      <tr
        key="1"
      >
        <td>
           
          <a
            href="http://static.boredpanda.com/blog/wp-content/uploads/2015/09/cute-bunnies-25__605.jpg"
          >
            Belly Bunny
            :
          </a>
           
          I'm a rub-my-belly bunny
        </td>
        <td>
          <button
            className="remove"
            data-value="2"
            onClick={[Function]}
          >
            remove
          </button>
        </td>
      </tr>
      <tr
        key="2"
      >
        <td>
           
          <a
            href="http://static.boredpanda.com/blog/wp-content/uploads/2015/09/cute-bunnies-110__605.jpg"
          >
            Side-Eye Bunny
            :
          </a>
           
          Were you taking to me?
        </td>
        <td>
          <button
            className="remove"
            data-value="3"
            onClick={[Function]}
          >
            remove
          </button>
        </td>
      </tr>
    </tbody>
  </table>
  <AddBunny />
  <form />
</div>
`;

exports[`renders a thumbnail view snapshot 1`] = `
<div>
  <div>
    <li
      key="0"
    >
      <figcaption>
        <a
          href="http://f.cl.ly/items/3g3J1G0w122M360w380O/3726490195_f7cc75d377_o.jpg"
        >
          Halloween Bunny
          :
        </a>
      </figcaption>
      <img
        alt=""
        height="25%"
        src="http://f.cl.ly/items/3g3J1G0w122M360w380O/3726490195_f7cc75d377_o.jpg"
        width="25%"
      />
    </li>
  </div>
  <div>
    <li
      key="1"
    >
      <figcaption>
        <a
          href="http://static.boredpanda.com/blog/wp-content/uploads/2015/09/cute-bunnies-25__605.jpg"
        >
          Belly Bunny
          :
        </a>
      </figcaption>
      <img
        alt=""
        height="25%"
        src="http://static.boredpanda.com/blog/wp-content/uploads/2015/09/cute-bunnies-25__605.jpg"
        width="25%"
      />
    </li>
  </div>
  <div>
    <li
      key="2"
    >
      <figcaption>
        <a
          href="http://static.boredpanda.com/blog/wp-content/uploads/2015/09/cute-bunnies-110__605.jpg"
        >
          Side-Eye Bunny
          :
        </a>
      </figcaption>
      <img
        alt=""
        height="25%"
        src="http://static.boredpanda.com/blog/wp-content/uploads/2015/09/cute-bunnies-110__605.jpg"
        width="25%"
      />
    </li>
  </div>
</div>
`;

exports[`renders adding a new bunny snapshot 1`] = `
<form
  onSubmit={[Function]}
>
  <label
    style={
      Object {
        "padding": "20px",
      }
    }
  >
    Title:
    <input
      name="title"
    />
  </label>
  <label
    style={
      Object {
        "padding": "20px",
      }
    }
  >
    Description:
    <input
      name="description"
    />
  </label>
  <label
    style={
      Object {
        "padding": "20px",
      }
    }
  >
    URL:
    <input
      name="url"
    />
  </label>
  <button
    type="submit"
  >
    Add Bunny
  </button>
</form>
`;
