// Jest Snapshot v1, https://goo.gl/fbAQLP

exports[`List shows bunnies gallery format 1`] = `
<div
  className="gallery"
>
  <img
    alt="Best Bunny"
    height="100px"
    src="https://s3.amazonaws.com/f.cl.ly/items/3g3J1G0w122M360w380O/3726490195_f7cc75d377_o.jpg"
  />
  <h4>
    Best Bunny
  </h4>
  <h6>
    Just the cutest color on a bunny ever
  </h6>
  <button
    id="nextButton"
    onClick={[Function]}
    type="button"
    value="Next"
  >
    Next
  </button>
</div>
`;
